
> smart-inventory-backend@1.0.0 test
> vitest run


 RUN  v4.1.8 C:/Users/PATIL/Desktop/inventory_management/backend

node.exe : (node:3732) [MONGOOSE] Warning: Duplicate schema index on {"sku":1} found. This is 
often due to declaring an index using both "index: true" and "schema.index()". Please remove 
the duplicate index definition.
At line:1 char:1
+ & "C:\Program Files\nodejs/node.exe" "C:\Users\PATIL\AppData\Roaming\ ...
+ ~~~~~~~~~~~~~~~~~~~~~~~~~~~~~~~~~~~~~~~~~~~~~~~~~~~~~~~~~~~~~~~~~~~~~
    + CategoryInfo          : NotSpecified: ((node:3732) [MO...dex definition.:String) [], 
RemoteEx    ception
    + FullyQualifiedErrorId : NativeCommandError
 
(Use `node --trace-warnings ...` to show where the warning was created)
(node:7240) [MONGOOSE] Warning: Duplicate schema index on {"sku":1} found. This is often due to 
declaring an index using both "index: true" and "schema.index()". Please remove the duplicate 
index definition.
(Use `node --trace-warnings ...` to show where the warning was created)

 Test Files  2 passed (2)
      Tests  8 passed (8)
   Start at  15:33:34
   Duration  1.07s (transform 100ms, setup 0ms, import 1.43s, tests 372ms, environment 0ms)

